Performing C++ SOURCE FILE Test CMAKE_HAVE_LIBC_PTHREAD failed with the following output:
Change Dir: /home/compiler14/cact/build/CMakeFiles/CMakeTmp

Run Build Command(s):/usr/bin/make cmTC_f30f4/fast && /usr/bin/make  -f CMakeFiles/cmTC_f30f4.dir/build.make CMakeFiles/cmTC_f30f4.dir/build
make[1]: Entering directory '/home/compiler14/cact/build/CMakeFiles/CMakeTmp'
Building CXX object CMakeFiles/cmTC_f30f4.dir/src.cxx.o
/usr/bin/c++    -DCMAKE_HAVE_LIBC_PTHREAD   -o CMakeFiles/cmTC_f30f4.dir/src.cxx.o -c /home/compiler14/cact/build/CMakeFiles/CMakeTmp/src.cxx
Linking CXX executable cmTC_f30f4
/usr/local/bin/cmake -E cmake_link_script CMakeFiles/cmTC_f30f4.dir/link.txt --verbose=1
/usr/bin/c++   -DCMAKE_HAVE_LIBC_PTHREAD    CMakeFiles/cmTC_f30f4.dir/src.cxx.o  -o cmTC_f30f4 
CMakeFiles/cmTC_f30f4.dir/src.cxx.o: In function `main':
src.cxx:(.text+0x3c): undefined reference to `pthread_create'
src.cxx:(.text+0x48): undefined reference to `pthread_detach'
src.cxx:(.text+0x59): undefined reference to `pthread_join'
src.cxx:(.text+0x6d): undefined reference to `pthread_atfork'
collect2: error: ld returned 1 exit status
CMakeFiles/cmTC_f30f4.dir/build.make:89: recipe for target 'cmTC_f30f4' failed
make[1]: *** [cmTC_f30f4] Error 1
make[1]: Leaving directory '/home/compiler14/cact/build/CMakeFiles/CMakeTmp'
Makefile:124: recipe for target 'cmTC_f30f4/fast' failed
make: *** [cmTC_f30f4/fast] Error 2


Source file was:
#include <pthread.h>

void* test_func(void* data)
{
  return data;
}

int main(void)
{
  pthread_t thread;
  pthread_create(&thread, NULL, test_func, NULL);
  pthread_detach(thread);
  pthread_join(thread, NULL);
  pthread_atfork(NULL, NULL, NULL);
  pthread_exit(NULL);

  return 0;
}

